{22:40:14.445} 
 Saracon 01.61-27 (Mar  4 2010, 11:29:38)
 Copyright (c) 2004 - 2010 Weiss Engineering, Switzerland

{22:40:14.449} License: Saracon DSD.
{22:40:14.450} Saracon has been set into tolerant mode.
{22:40:14} [warning] LSCO chunk not supported.
{22:40:14.452} Anatomy of "C:\Users\Lance\Dev\Toolbox-worktrees\sacd-completion-v2\.superpowers\sdd\new-mega-plan\e1a\disc3-60s.dff":
FVER: (16, 4)
  version: 17104896
FS  : (48, 4)
  sample rate: 2822400
CHNL: (64, 10)
  channel IDs: SLFT, SRGT, 
CMPR: (86, 20)
  compression type: DSD 
  compression name: not compressed
PROP: (32, 88)
  property type: SND 
DSD : (132, 42336000)
FRM8: (0, 42336132)


{22:40:14} [warning] LSCO chunk not supported.
{22:40:14.456} Disk space:
	total disk capacity:     930.86 GB
	bytes available on disk: 726.38 GB
	bytes required:          30.78 MB
{22:40:14.456} License: Saracon DSD.
{22:40:14} [warning] LSCO chunk not supported.
{22:40:14.458} ==== Conversion summary: ====
  Module:                 D2P
  Configuration file:     None
  Batch mode:             Smart Interleave
  Target directory:       C:\Users\Lance\Dev\Toolbox-worktrees\sacd-completion-v2\.superpowers\sdd\new-mega-plan\e1a\out-88200-24
  Postfix:                -d2p
  Conversion gain:        1
  Target sample rate:     88200
  Target bits per sample: 24.000000
  Target format:          Microsoft Wave (wav)
  Target sub-format:      24 bit fixed point
  Target dither:          TPDF

{22:40:14.459} Starting conversion...
{22:40:14.460} ---- Summary for job 1: ----
  Target files:  C:\Users\Lance\Dev\Toolbox-worktrees\sacd-completion-v2\.superpowers\sdd\new-mega-plan\e1a\out-88200-24\disc3-60s-d2p.wav
  Input 1 :
    Path:        C:\Users\Lance\Dev\Toolbox-worktrees\sacd-completion-v2\.superpowers\sdd\new-mega-plan\e1a\disc3-60s.dff
    Sample rate: 2822.4kHz
    Channels:    2
    Length:      0h:1m:0s.0ms (169344000 samples)

{22:40:14.516} SRC filter has a latency of 41.203125 output samples which is compensated by 2638.000000 additional silent input samples.
{22:40:14} [warning] LSCO chunk not supported.
{22:40:16.946} 10% remaining time: 00:00:22 speed: 2.399489 [s/s]
{22:40:19.454} 20% remaining time: 00:00:18 speed: 2.538738 [s/s]
{22:40:21.446} 30% remaining time: 00:00:16 speed: 2.562271 [s/s]
{22:40:23.944} 40% remaining time: 00:00:13 speed: 2.595261 [s/s]
{22:40:25.945} 50% remaining time: 00:00:11 speed: 2.630212 [s/s]
{22:40:27.945} 60% remaining time: 00:00:08 speed: 2.682644 [s/s]
{22:40:29.949} 70% remaining time: 00:00:06 speed: 2.720831 [s/s]
{22:40:31.956} 80% remaining time: 00:00:04 speed: 2.749797 [s/s]
{22:40:34.458} 90% remaining time: 00:00:01 speed: 2.760120 [s/s]
{22:40:35.949} 100% remaining time: 00:00:00 speed: 2.776886 [s/s]
{22:40:36.448} Job 1 of 1 processed. Elapsed time: 00:00:21
{22:40:36.448} All jobs processed.
{22:40:36.450} No configurations left to process.
